[    0.000000] Initializing cgroup subsys cpuset
[    0.000000] Initializing cgroup subsys cpu
[    0.000000] Initializing cgroup subsys cpuacct
[    0.000000] Linux version 4.4.0-210-generic (buildd@lgw01-amd64-009) (gcc version 5.4.0 20160609 (Ubuntu 5.4.0-6ubuntu1~16.04.12) ) #242-Ubuntu SMP Fri Apr 16 09:57:56 UTC 2021 (Ubuntu 4.4.0-210.242-generic 4.4.262)
[    0.000000] Command line: BOOT_IMAGE=/boot/vmlinuz-4.4.0-210-generic root=LABEL=cloudimg-rootfs ro console=tty1 console=ttyS0
[    0.000000] KERNEL supported cpus:
[    0.000000]   Intel GenuineIntel
[    0.000000]   AMD AuthenticAMD
[    0.000000]   Centaur CentaurHauls
[    0.000000] x86/fpu: Legacy x87 FPU detected.
[    0.000000] e820: BIOS-provided physical RAM map:
[    0.000000] BIOS-e820: [mem 0x0000000000000000-0x000000000009fbff] usable
[    0.000000] BIOS-e820: [mem 0x000000000009fc00-0x000000000009ffff] reserved
[    0.000000] BIOS-e820: [mem 0x00000000000f0000-0x00000000000fffff] reserved
[    0.000000] BIOS-e820: [mem 0x0000000000100000-0x00000000dffeffff] usable
[    0.000000] BIOS-e820: [mem 0x00000000dfff0000-0x00000000dfffffff] ACPI data
[    0.000000] BIOS-e820: [mem 0x00000000fec00000-0x00000000fec00fff] reserved
[    0.000000] BIOS-e820: [mem 0x00000000fee00000-0x00000000fee00fff] reserved
[    0.000000] BIOS-e820: [mem 0x00000000fffc0000-0x00000000ffffffff] reserved
[    0.000000] BIOS-e820: [mem 0x0000000100000000-0x000000011fffffff] usable
[    0.000000] NX (Execute Disable) protection: active
[    0.000000] SMBIOS 2.5 present.
[    0.000000] Hypervisor detected: KVM
[    0.000000] e820: last_pfn = 0x120000 max_arch_pfn = 0x400000000
[    0.000000] x86/PAT: Configuration [0-7]: WB  WC  UC- UC  WB  WC  UC- WT  
[    0.000000] CPU MTRRs all blank - virtualized system.
[    0.000000] e820: last_pfn = 0xdfff0 max_arch_pfn = 0x400000000
[    0.000000] found SMP MP-table at [mem 0x0009fbf0-0x0009fbff] mapped at [ffff88000009fbf0]
[    0.000000] Scanning 1 areas for low memory corruption
[    0.000000] RAMDISK: [mem 0x362dc000-0x37165fff]
[    0.000000] ACPI: Early table checksum verification disabled
[    0.000000] ACPI: RSDP 0x00000000000E0000 000024 (v02 VBOX  )
[    0.000000] ACPI: XSDT 0x00000000DFFF0030 00003C (v01 VBOX   VBOXXSDT 00000001 ASL  00000061)
[    0.000000] ACPI: FACP 0x00000000DFFF00F0 0000F4 (v04 VBOX   VBOXFACP 00000001 ASL  00000061)
[    0.000000] ACPI: DSDT 0x00000000DFFF0610 002353 (v02 VBOX   VBOXBIOS 00000002 INTL 20100528)
[    0.000000] ACPI: FACS 0x00000000DFFF0200 000040
[    0.000000] ACPI: FACS 0x00000000DFFF0200 000040
[    0.000000] ACPI: APIC 0x00000000DFFF0240 00005C (v02 VBOX   VBOXAPIC 00000001 ASL  00000061)
[    0.000000] ACPI: SSDT 0x00000000DFFF02A0 00036C (v01 VBOX   VBOXCPUT 00000002 INTL 20100528)
[    0.000000] No NUMA configuration found
[    0.000000] Faking a node at [mem 0x0000000000000000-0x000000011fffffff]
[    0.000000] NODE_DATA(0) allocated [mem 0x11fff7000-0x11fffbfff]
[    0.000000] kvm-clock: Using msrs 4b564d01 and 4b564d00
[    0.000000] kvm-clock: cpu 0, msr 1:1ffef001, primary cpu clock
[    0.000000] kvm-clock: using sched offset of 5284502246 cycles
[    0.000000] clocksource: kvm-clock: mask: 0xffffffffffffffff max_cycles: 0x1cd42e4dffb, max_idle_ns: 881590591483 ns
[    0.000000] Zone ranges:
[    0.000000]   DMA      [mem 0x0000000000001000-0x0000000000ffffff]
[    0.000000]   DMA32    [mem 0x0000000001000000-0x00000000ffffffff]
[    0.000000]   Normal   [mem 0x0000000100000000-0x000000011fffffff]
[    0.000000]   Device   empty
[    0.000000] Movable zone start for each node
[    0.000000] Early memory node ranges
[    0.000000]   node   0: [mem 0x0000000000001000-0x000000000009efff]
[    0.000000]   node   0: [mem 0x0000000000100000-0x00000000dffeffff]
[    0.000000]   node   0: [mem 0x0000000100000000-0x000000011fffffff]
[    0.000000] Initmem setup node 0 [mem 0x0000000000001000-0x000000011fffffff]
[    0.000000] ACPI: PM-Timer IO Port: 0x4008
[    0.000000] IOAPIC[0]: apic_id 2, version 32, address 0xfec00000, GSI 0-23
[    0.000000] ACPI: INT_SRC_OVR (bus 0 bus_irq 0 global_irq 2 dfl dfl)
[    0.000000] ACPI: INT_SRC_OVR (bus 0 bus_irq 9 global_irq 9 low level)
[    0.000000] Using ACPI (MADT) for SMP configuration information
[    0.000000] smpboot: Allowing 2 CPUs, 0 hotplug CPUs
[    0.000000] PM: Registered nosave memory: [mem 0x00000000-0x00000fff]
[    0.000000] PM: Registered nosave memory: [mem 0x0009f000-0x0009ffff]
[    0.000000] PM: Registered nosave memory: [mem 0x000a0000-0x000effff]
[    0.000000] PM: Registered nosave memory: [mem 0x000f0000-0x000fffff]
[    0.000000] PM: Registered nosave memory: [mem 0xdfff0000-0xdfffffff]
[    0.000000] PM: Registered nosave memory: [mem 0xe0000000-0xfebfffff]
[    0.000000] PM: Registered nosave memory: [mem 0xfec00000-0xfec00fff]
[    0.000000] PM: Registered nosave memory: [mem 0xfec01000-0xfedfffff]
[    0.000000] PM: Registered nosave memory: [mem 0xfee00000-0xfee00fff]
[    0.000000] PM: Registered nosave memory: [mem 0xfee01000-0xfffbffff]
[    0.000000] PM: Registered nosave memory: [mem 0xfffc0000-0xffffffff]
[    0.000000] e820: [mem 0xe0000000-0xfebfffff] available for PCI devices
[    0.000000] Booting paravirtualized kernel on KVM
[    0.000000] clocksource: refined-jiffies: mask: 0xffffffff max_cycles: 0xffffffff, max_idle_ns: 7645519600211568 ns
[    0.000000] setup_percpu: NR_CPUS:512 nr_cpumask_bits:512 nr_cpu_ids:2 nr_node_ids:1
[    0.000000] PERCPU: Embedded 33 pages/cpu @ffff88011fc00000 s95192 r8192 d31784 u1048576
[    0.000000] Built 1 zonelists in Node order, mobility grouping on.  Total pages: 1032056
[    0.000000] Policy zone: Normal
[    0.000000] Kernel command line: BOOT_IMAGE=/boot/vmlinuz-4.4.0-210-generic root=LABEL=cloudimg-rootfs ro console=tty1 console=ttyS0
[    0.000000] PID hash table entries: 4096 (order: 3, 32768 bytes)
[    0.000000] Memory: 4028304K/4193848K available (8644K kernel code, 1332K rwdata, 4044K rodata, 1492K init, 1164K bss, 165544K reserved, 0K cma-reserved)
[    0.000000] SLUB: HWalign=64, Order=0-3, MinObjects=0, CPUs=2, Nodes=1
[    0.000000] Kernel/User page tables isolation: enabled
[    0.000000] Hierarchical RCU implementation.
[    0.000000] 	Build-time adjustment of leaf fanout to 64.
[    0.000000] 	RCU restricting CPUs from NR_CPUS=512 to nr_cpu_ids=2.
[    0.000000] RCU: Adjusting geometry for rcu_fanout_leaf=64, nr_cpu_ids=2
[    0.000000] NR_IRQS:33024 nr_irqs:440 16
[    0.000000] Console: colour VGA+ 80x25
[    0.000000] console [tty1] enabled
[    0.000000] console [ttyS0] enabled
[    0.000000] tsc: Detected 2111.998 MHz processor
[    2.819246] Calibrating delay loop (skipped) preset value.. 4223.99 BogoMIPS (lpj=8447992)
[    2.859336] pid_max: default: 32768 minimum: 301
[    2.880723] ACPI: Core revision 20150930
[    2.903172] ACPI: 2 ACPI AML tables successfully acquired and loaded
[    2.934084] Security Framework initialized
[    2.953186] Yama: becoming mindful.
[    2.972598] AppArmor: AppArmor initialized
[    2.993099] Dentry cache hash table entries: 524288 (order: 10, 4194304 bytes)
[    3.090226] Inode-cache hash table entries: 262144 (order: 9, 2097152 bytes)
[    3.153419] Mount-cache hash table entries: 8192 (order: 4, 65536 bytes)
[    3.184992] Mountpoint-cache hash table entries: 8192 (order: 4, 65536 bytes)
[    3.227847] Initializing cgroup subsys io
[    3.246574] Initializing cgroup subsys memory
[    3.268465] Initializing cgroup subsys devices
[    3.288962] Initializing cgroup subsys freezer
[    3.308073] Initializing cgroup subsys net_cls
[    3.328384] Initializing cgroup subsys perf_event
[    3.350963] Initializing cgroup subsys net_prio
[    3.373567] Initializing cgroup subsys hugetlb
[    3.395562] Initializing cgroup subsys pids
[    3.455836] mce: CPU supports 0 MCE banks
[    3.473124] Last level iTLB entries: 4KB 64, 2MB 8, 4MB 8
[    3.496416] Last level dTLB entries: 4KB 64, 2MB 0, 4MB 0, 1GB 4
[    3.522668] Spectre V1 : Mitigation: usercopy/swapgs barriers and __user pointer sanitization
[    3.562088] Spectre V2 : Mitigation: Full generic retpoline
[    3.589031] Spectre V2 : Spectre v2 / SpectreRSB mitigation: Filling RSB on context switch
[    3.629188] Speculative Store Bypass: Vulnerable
[    3.648907] SRBDS: Unknown: Dependent on hypervisor status
[    3.681023] MDS: Mitigation: Clear CPU buffers
[    3.812342] Freeing SMP alternatives memory: 36K
[    4.219259] ftrace: allocating 32380 entries in 127 pages
[    6.609567] smpboot: APIC(0) Converting physical 0 to logical package 0
[    6.641224] smpboot: Max logical packages: 1
[    6.699634] ..TIMER: vector=0x30 apic1=0 pin1=2 apic2=-1 pin2=-1
[    6.828948] APIC calibration not consistent with PM-Timer: 102ms instead of 100ms
[    6.852491] APIC delta adjusted to PM-Timer: 6327421 (6500370)
[    6.873648] smpboot: CPU0: Intel(R) Core(TM) i7-8650U CPU @ 1.90GHz (family: 0x6, model: 0x8e, stepping: 0xa)
[    6.911860] Performance Events: unsupported p6 CPU model 142 no PMU driver, software events only.
[    7.274673] KVM setup paravirtual spinlock
[    7.297008] x86: Booting SMP configuration:
[    7.311181] .... node  #0, CPUs:      #1
[    7.332614] kvm-clock: cpu 1, msr 1:1ffef041, secondary cpu clock
[    7.388838] mce: CPU supports 0 MCE banks
[    7.400695] TSC synchronization [CPU#0 -> CPU#1]:
[    7.417062] Measured 76860 cycles TSC warp between CPUs, turning off TSC clock.
[    7.440936] tsc: Marking TSC unstable due to check_tsc_sync_source failed
[    7.472837] x86: Booted up 1 node, 2 CPUs
[    7.487523] smpboot: Total of 2 processors activated (8447.99 BogoMIPS)
[    1.482190] devtmpfs: initialized
[    1.497315] evm: security.selinux
[    1.500006] evm: security.SMACK64
[    1.504006] evm: security.SMACK64EXEC
[    1.508006] evm: security.SMACK64TRANSMUTE
[    1.512005] evm: security.SMACK64MMAP
[    1.516006] evm: security.ima
[    1.520006] evm: security.capability
[    1.528839] clocksource: jiffies: mask: 0xffffffff max_cycles: 0xffffffff, max_idle_ns: 7645041785100000 ns
[    1.532031] futex hash table entries: 512 (order: 3, 32768 bytes)
[    1.540475] pinctrl core: initialized pinctrl subsystem
[    1.548857] RTC time:  8:51:58, date: 04/06/25
[    1.556816] NET: Registered protocol family 16
[    1.572029] cpuidle: using governor ladder
[    1.588022] cpuidle: using governor menu
[    1.592019] PCCT header not found.
[    1.596262] ACPI: bus type PCI registered
[    1.600007] acpiphp: ACPI Hot Plug PCI Controller Driver version: 0.5
[    1.605595] PCI: Using configuration type 1 for base access
[    1.644633] ACPI: Added _OSI(Module Device)
[    1.648008] ACPI: Added _OSI(Processor Device)
[    1.652006] ACPI: Added _OSI(3.0 _SCP Extensions)
[    1.656006] ACPI: Added _OSI(Processor Aggregator Device)
[    1.663624] ACPI: Executed 1 blocks of module-level executable AML code
[    1.682951] ACPI: Interpreter enabled
[    1.684025] ACPI: (supports S0 S5)
[    1.688006] ACPI: Using IOAPIC for interrupt routing
[    1.692953] PCI: Using host bridge windows from ACPI; if necessary, use "pci=nocrs" and report a bug
[    1.719585] ACPI: PCI Root Bridge [PCI0] (domain 0000 [bus 00-ff])
[    1.720022] acpi PNP0A03:00: _OSC: OS supports [ASPM ClockPM Segments MSI]
[    1.729551] acpi PNP0A03:00: _OSC: not requesting OS control; OS requires [ExtendedConfig ASPM ClockPM MSI]
[    1.732020] acpi PNP0A03:00: fail to add MMCONFIG information, can't access extended PCI configuration space under this bridge.
[    1.736852] PCI host bridge to bus 0000:00
[    1.744012] pci_bus 0000:00: root bus resource [io  0x0000-0x0cf7 window]
[    1.748005] pci_bus 0000:00: root bus resource [io  0x0d00-0xffff window]
[    1.752015] pci_bus 0000:00: root bus resource [mem 0x000a0000-0x000bffff window]
[    1.756051] pci_bus 0000:00: root bus resource [mem 0xe0000000-0xfdffffff window]
[    1.760014] pci_bus 0000:00: root bus resource [bus 00-ff]
[    1.793214] pci 0000:00:01.1: legacy IDE quirk: reg 0x10: [io  0x01f0-0x01f7]
[    1.796008] pci 0000:00:01.1: legacy IDE quirk: reg 0x14: [io  0x03f6]
[    1.800008] pci 0000:00:01.1: legacy IDE quirk: reg 0x18: [io  0x0170-0x0177]
[    1.804008] pci 0000:00:01.1: legacy IDE quirk: reg 0x1c: [io  0x0376]
[    1.872000] pci 0000:00:07.0: quirk: [io  0x4000-0x403f] claimed by PIIX4 ACPI
[    1.872106] pci 0000:00:07.0: quirk: [io  0x4100-0x410f] claimed by PIIX4 SMB
[    1.904000] ACPI: PCI Interrupt Link [LNKA] (IRQs 5 9 10 *11)
[    1.928005] ACPI: PCI Interrupt Link [LNKB] (IRQs 5 9 *10 11)
[    1.948075] ACPI: PCI Interrupt Link [LNKC] (IRQs 5 *9 10 11)
[    1.964540] ACPI: PCI Interrupt Link [LNKD] (IRQs 5 9 10 *11)
[    1.992850] ACPI: Enabled 2 GPEs in block 00 to 07
[    1.996577] vgaarb: setting as boot device: PCI:0000:00:02.0
[    2.000000] vgaarb: device added: PCI:0000:00:02.0,decodes=io+mem,owns=io+mem,locks=none
[    2.000011] vgaarb: loaded
[    2.004006] vgaarb: bridge control possible 0000:00:02.0
[    2.009100] SCSI subsystem initialized
[    2.012635] ACPI: bus type USB registered
[    2.016040] usbcore: registered new interface driver usbfs
[    2.020105] usbcore: registered new interface driver hub
[    2.024112] usbcore: registered new device driver usb
[    2.033281] PCI: Using ACPI for IRQ routing
[    2.042519] NetLabel: Initializing
[    2.044009] NetLabel:  domain hash size = 128
[    2.048005] NetLabel:  protocols = UNLABELED CIPSOv4
[    2.052037] NetLabel:  unlabeled traffic allowed by default
[    2.056465] amd_nb: Cannot enumerate AMD northbridges
[    2.064016] clocksource: Switched to clocksource kvm-clock
[    2.089055] AppArmor: AppArmor Filesystem Enabled
[    2.089055] pnp: PnP ACPI init
[    2.089055] pnp: PnP ACPI: found 3 devices
[    2.353579] clocksource: acpi_pm: mask: 0xffffff max_cycles: 0xffffff, max_idle_ns: 2085701024 ns
[    2.380750] NET: Registered protocol family 2
[    2.389609] TCP established hash table entries: 32768 (order: 6, 262144 bytes)
[    2.399402] TCP bind hash table entries: 32768 (order: 7, 524288 bytes)
[    2.401936] TCP: Hash tables configured (established 32768 bind 32768)
[    2.401936] UDP hash table entries: 2048 (order: 4, 65536 bytes)
[    2.401936] UDP-Lite hash table entries: 2048 (order: 4, 65536 bytes)
[    2.401936] NET: Registered protocol family 1
[    2.401936] pci 0000:00:00.0: Limiting direct PCI/PCI transfers
[    2.401936] pci 0000:00:01.0: Activating ISA DMA hang workarounds
[    2.401936] Unpacking initramfs...
[    3.398160] Freeing initrd memory: 14888K
[    3.398160] PCI-DMA: Using software bounce buffering for IO (SWIOTLB)
[    3.536434] software IO TLB: mapped [mem 0xdbff0000-0xdfff0000] (64MB)
[    3.540273] clocksource: tsc: mask: 0xffffffffffffffff max_cycles: 0x1e71768ef8b, max_idle_ns: 440795218977 ns
[    3.540273] platform rtc_cmos: registered platform RTC device (no PNP device found)
[    3.540273] Scanning for low memory corruption every 60 seconds
[    3.590914] audit: initializing netlink subsys (disabled)
[    3.600833] audit: type=2000 audit(1743929524.238:1): initialized
[    3.610141] Initialise system trusted keyring
[    3.647505] HugeTLB registered 2 MB page size, pre-allocated 0 pages
[    3.670362] zbud: loaded
[    3.681344] VFS: Disk quotas dquot_6.6.0
[    3.688750] VFS: Dquot-cache hash table entries: 512 (order 0, 4096 bytes)
[    3.692605] squashfs: version 4.0 (2009/01/31) Phillip Lougher
[    3.704712] fuse init (API version 7.23)
[    3.710348] Key type big_key registered
[    3.717991] Allocating IMA MOK and blacklist keyrings.
[    3.770066] Key type asymmetric registered
[    3.783126] Asymmetric key parser 'x509' registered
[    3.800559] Block layer SCSI generic (bsg) driver version 0.4 loaded (major 249)
[    3.827622] io scheduler noop registered
[    3.842347] io scheduler deadline registered (default)
[    3.859233] io scheduler cfq registered
[    3.862983] pci_hotplug: PCI Hot Plug PCI Core version: 0.5
[    3.862983] pciehp: PCI Express Hot Plug Controller Driver version: 0.4
[    3.862983] ACPI: AC Adapter [AC] (off-line)
[    3.862983] input: Power Button as /devices/LNXSYSTM:00/LNXPWRBN:00/input/input0
[    3.862983] ACPI: Power Button [PWRF]
[    3.862983] input: Sleep Button as /devices/LNXSYSTM:00/LNXSLPBN:00/input/input1
[    3.984359] ACPI: Sleep Button [SLPF]
[    4.002106] GHES: HEST is not enabled!
[    4.008872] ACPI: Battery Slot [BAT0] (battery present)
[    4.037758] Serial: 8250/16550 driver, 32 ports, IRQ sharing enabled
[    4.096957] 00:02: ttyS0 at I/O 0x3f8 (irq = 4, base_baud = 115200) is a 16550A
[    4.175277] Linux agpgart interface v0.103
[    4.222961] loop: module loaded
[    4.242205] scsi host0: ata_piix
[    4.256731] scsi host1: ata_piix
[    4.268536] ata1: PATA max UDMA/33 cmd 0x1f0 ctl 0x3f6 bmdma 0xd000 irq 14
[    4.272251] ata2: PATA max UDMA/33 cmd 0x170 ctl 0x376 bmdma 0xd008 irq 15
[    4.272251] libphy: Fixed MDIO Bus: probed
[    4.272251] tun: Universal TUN/TAP device driver, 1.6
[    4.272251] tun: (C) 1999-2004 Max Krasnyansky <maxk@qualcomm.com>
[    4.379837] PPP generic driver version 2.4.2
[    4.397078] ehci_hcd: USB 2.0 'Enhanced' Host Controller (EHCI) Driver
[    4.415449] ehci-pci: EHCI PCI platform driver
[    4.431490] ehci-platform: EHCI generic platform driver
[    4.451103] ohci_hcd: USB 1.1 'Open' Host Controller (OHCI) Driver
[    4.471973] ohci-pci: OHCI PCI platform driver
[    4.487916] ohci-platform: OHCI generic platform driver
[    4.505776] uhci_hcd: USB Universal Host Controller Interface driver
[    4.527280] i8042: PNP: PS/2 Controller [PNP0303:PS2K,PNP0f03:PS2M] at 0x60,0x64 irq 1,12
[    4.566707] serio: i8042 KBD port at 0x60,0x64 irq 1
[    4.589258] serio: i8042 AUX port at 0x60,0x64 irq 12
[    4.660318] mousedev: PS/2 mouse device common for all mice
[    4.682450] rtc_cmos rtc_cmos: rtc core: registered rtc_cmos as rtc0
[    4.700407] rtc_cmos rtc_cmos: alarms up to one day, 114 bytes nvram
[    4.721279] i2c /dev entries driver
[    4.734241] device-mapper: uevent: version 1.0.3
[    4.752181] device-mapper: ioctl: 4.34.0-ioctl (2015-10-28) initialised: dm-devel@redhat.com
[    4.793852] ledtrig-cpu: registered to indicate activity on CPUs
[    4.826052] input: AT Translated Set 2 keyboard as /devices/platform/i8042/serio0/input/input2
[    4.859790] NET: Registered protocol family 10
[    4.879571] NET: Registered protocol family 17
[    4.895995] Key type dns_resolver registered
[    4.912667] registered taskstats version 1
[    4.928930] Loading compiled-in X.509 certificates
[    4.946371] Loaded X.509 cert 'Build time autogenerated kernel key: cf00e047681d67edb2720680708b7d9498083038'
[    4.978867] zswap: loaded using pool lzo/zbud
[    5.009545] Key type trusted registered
[    5.046244] Key type encrypted registered
[    5.060138] AppArmor: AppArmor sha1 policy hashing enabled
[    5.078518] ima: No TPM chip found, activating TPM-bypass!
[    5.097374] ima: Allocated hash algorithm: sha1
[    5.114212] evm: HMAC attrs: 0x1
[    5.131758]   Magic number: 5:623:876
[    5.147799] rtc_cmos rtc_cmos: setting system clock to 2025-04-06 08:52:02 UTC (1743929522)
[    5.177150] BIOS EDD facility v0.16 2004-Jun-25, 0 devices found
[    5.197539] EDD information not available.
[    5.219343] Freeing unused kernel memory: 1492K
[    5.249223] Write protecting the kernel read-only data: 14336k
[    5.280323] Freeing unused kernel memory: 1584K
[    5.296746] Freeing unused kernel memory: 52K
Loading, please wait...
starting version 229
[    5.390939] random: systemd-udevd: uninitialized urandom read (16 bytes read, 12 bits of entropy available)
[    5.392717] random: udevadm: uninitialized urandom read (16 bytes read, 12 bits of entropy available)
[    5.392832] random: udevadm: uninitialized urandom read (16 bytes read, 12 bits of entropy available)
[    5.461293] random: udevadm: uninitialized urandom read (16 bytes read, 12 bits of entropy available)
[    5.461459] random: udevadm: uninitialized urandom read (16 bytes read, 12 bits of entropy available)
[    5.462155] random: udevadm: uninitialized urandom read (16 bytes read, 12 bits of entropy available)
[    5.462467] random: udevadm: uninitialized urandom read (16 bytes read, 12 bits of entropy available)
[    5.462691] random: udevadm: uninitialized urandom read (16 bytes read, 12 bits of entropy available)
[    5.463086] random: udevadm: uninitialized urandom read (16 bytes read, 12 bits of entropy available)
[    5.463385] random: udevadm: uninitialized urandom read (16 bytes read, 12 bits of entropy available)
[    5.920662] e1000: Intel(R) PRO/1000 Network Driver - version 7.3.21-k8-NAPI
[    5.924401] e1000: Copyright (c) 1999-2006 Intel Corporation.
[    6.058484] Fusion MPT base driver 3.04.20
[    6.076623] Copyright (c) 1999-2008 LSI Corporation
[    6.130975] Fusion MPT SPI Host driver 3.04.20
[    7.420433] e1000 0000:00:03.0 eth0: (PCI:33MHz:32-bit) 02:be:82:6b:cc:1d
[    7.424329] e1000 0000:00:03.0 eth0: Intel(R) PRO/1000 Network Connection
[    7.545321] SSE version of gcm_enc/dec engaged.
[    7.646216] input: ImExPS/2 Generic Explorer Mouse as /devices/platform/i8042/serio1/input/input4
[    9.009907] e1000 0000:00:08.0 eth1: (PCI:33MHz:32-bit) 08:00:27:74:f1:c0
[    9.035802] e1000 0000:00:08.0 eth1: Intel(R) PRO/1000 Network Connection
[    9.076944] e1000 0000:00:03.0 enp0s3: renamed from eth0
[    9.100866] mptbase: ioc0: Initiating bringup
[    9.112149] e1000 0000:00:08.0 enp0s8: renamed from eth1
[    9.571672] ioc0: LSI53C1030 A0: Capabilities={Initiator}
[   11.029863] scsi host2: ioc0: LSI53C1030 A0, FwRev=00000000h, Ports=1, MaxQ=256, IRQ=20
[   11.977364] scsi 2:0:0:0: Direct-Access     VBOX     HARDDISK         1.0  PQ: 0 ANSI: 5
[   12.022580] scsi target2:0:0: Beginning Domain Validation
[   12.068185] scsi target2:0:0: Domain Validation skipping write tests
[   12.088758] scsi target2:0:0: Ending Domain Validation
[   12.106847] scsi target2:0:0: asynchronous
[   12.130257] scsi 2:0:1:0: Direct-Access     VBOX     HARDDISK         1.0  PQ: 0 ANSI: 5
[   12.134052] scsi target2:0:1: Beginning Domain Validation
[   12.197931] scsi target2:0:1: Domain Validation skipping write tests
[   12.218381] scsi target2:0:1: Ending Domain Validation
[   12.235614] scsi target2:0:1: asynchronous
[   12.325455] sd 2:0:0:0: [sda] 83886080 512-byte logical blocks: (42.9 GB/40.0 GiB)
[   12.325621] sd 2:0:0:0: Attached scsi generic sg0 type 0
[   12.353777] sd 2:0:1:0: Attached scsi generic sg1 type 0
[   12.390567] sd 2:0:1:0: [sdb] 20480 512-byte logical blocks: (10.5 MB/10.0 MiB)
[   12.393025] sd 2:0:0:0: [sda] Write Protect is off
[   12.395042] sd 2:0:0:0: [sda] Incomplete mode parameter data
[   12.395046] sd 2:0:0:0: [sda] Assuming drive cache: write through
[   12.459982]  sda: sda1
[   12.465905] sd 2:0:0:0: [sda] Attached SCSI disk
[   12.480849] sd 2:0:1:0: [sdb] Write Protect is off
[   12.488479] sd 2:0:1:0: [sdb] Incomplete mode parameter data
[   12.494738] sd 2:0:1:0: [sdb] Assuming drive cache: write through
[   12.537410] sd 2:0:1:0: [sdb] Attached SCSI disk
Begin: Loading essential drivers ... [   14.878290] md: linear personality registered for level -1
[   14.916449] md: multipath personality registered for level -4
[   14.949839] md: raid0 personality registered for level 0
[   15.019449] md: raid1 personality registered for level 1
[   15.124058] raid6: sse2x1   gen()  3704 MB/s
[   15.204893] raid6: sse2x1   xor()  3302 MB/s
[   15.284591] raid6: sse2x2   gen()  5361 MB/s
[   15.364810] raid6: sse2x2   xor()  3397 MB/s
[   15.445445] raid6: sse2x4   gen()  8459 MB/s
[   15.519990] raid6: sse2x4   xor()  5884 MB/s
[   15.540490] raid6: using algorithm sse2x4 gen() 8459 MB/s
[   15.556430] raid6: .... xor() 5884 MB/s, rmw enabled
[   15.571764] raid6: using ssse3x2 recovery algorithm
[   15.597339] xor: measuring software checksum speed
[   16.982292]    prefetch64-sse: 1960787.000 MB/sec
[   20.991244]    generic_sse: 1879084.000 MB/sec
[   21.007024] xor: using function: prefetch64-sse (1960787.000 MB/sec)
[   21.037107] async_tx: api initialized (async)
[   21.207222] md: raid6 personality registered for level 6
[   21.226760] md: raid5 personality registered for level 5
[   21.244894] md: raid4 personality registered for level 4
[   21.317977] md: raid10 personality registered for level 10
done.
Begin: Running /scripts/init-premount ... done.
Begin: Mounting root file system ... Begin: Running /scripts/local-top ... done.
Begin: Running /scripts/local-premount ... [   21.568896] Btrfs loaded
Scanning for Btrfs filesystems
done.
Warning: fsck not present, so skipping root file system
[   21.761923] EXT4-fs (sda1): mounted filesystem with ordered data mode. Opts: (null)
done.
Begin: Running /scripts/local-bottom ... done.
Begin: Running /scripts/init-bottom ... done.
[   22.345484] systemd[1]: systemd 229 running in system mode. (+PAM +AUDIT +SELINUX +IMA +APPARMOR +SMACK +SYSVINIT +UTMP +LIBCRYPTSETUP +GCRYPT +GNUTLS +ACL +XZ -LZ4 +SECCOMP +BLKID +ELFUTILS +KMOD -IDN)
[   22.401255] systemd[1]: Detected virtualization oracle.
[   22.414414] systemd[1]: Detected architecture x86-64.

Welcome to [1mUbuntu 16.04.7 LTS[0m!

[   22.439395] systemd[1]: Set hostname to <ubuntu>.
[   22.470883] systemd[1]: Initializing machine ID from random generator.
[   22.478972] systemd[1]: Installed transient /etc/machine-id file.
[   22.493946] random: nonblocking pool is initialized
[   23.308933] systemd[1]: Listening on udev Kernel Socket.
[[0;32m  OK  [0m] Listening on udev Kernel Socket.
[   23.344185] systemd[1]: Created slice System Slice.
[[0;32m  OK  [0m] Created slice System Slice.
[   23.377154] systemd[1]: Listening on Device-mapper event daemon FIFOs.
[[0;32m  OK  [0m] Listening on Device-mapper event daemon FIFOs.
[   23.416912] systemd[1]: Reached target Encrypted Volumes.
[[0;32m  OK  [0m] Reached target Encrypted Volumes.
[   23.448237] systemd[1]: Listening on Syslog Socket.
[[0;32m  OK  [0m] Listening on Syslog Socket.
[   23.479084] systemd[1]: Created slice User and Session Slice.
[[0;32m  OK  [0m] Created slice User and Session Slice.
[   23.514526] systemd[1]: Listening on Journal Socket.
[[0;32m  OK  [0m] Listening on Journal Socket.
[   23.557053] systemd[1]: Starting Nameserver information manager...
         Starting Nameserver information manager...
[   23.589364] systemd[1]: Starting Set console keymap...
         Starting Set console keymap...
[   23.644076] systemd[1]: Listening on /dev/initctl Compatibility Named Pipe.
[[0;32m  OK  [0m] Listening on /dev/initctl Compatibility Named Pipe.
[   23.777463] systemd[1]: Reached target User and Group Name Lookups.
[[0;32m  OK  [0m] Reached target User and Group Name Lookups.
[   23.871375] systemd[1]: Reached target Slices.
[[0;32m  OK  [0m] Reached target Slices.
[   23.989255] systemd[1]: Mounting Debug File System...
         Mounting Debug File System...
[   24.036600] systemd[1]: Starting Uncomplicated firewall...
         Starting Uncomplicated firewall...
[   24.085648] systemd[1]: Reached target System Time Synchronized.
[[0;32m  OK  [0m] Reached target System Time Synchronized.
[   24.137322] systemd[1]: Reached target Swap.
[[0;32m  OK  [0m] Reached target Swap.
[   24.172144] systemd[1]: Set up automount Arbitrary Executable File Formats File System Automount Point.
[[0;32m  OK  [0m] Set up automount Arbitrary Executab...ats File System Automount Point.
[   24.225240] systemd[1]: Listening on LVM2 metadata daemon socket.
[[0;32m  OK  [0m] Listening on LVM2 metadata daemon socket.
[   24.268943] systemd[1]: Starting Monitoring of LVM2 mirrors, snapshots etc. using dmeventd or progress polling...
         Starting Monitoring of LVM2 mirrors... dmeventd or progress polling...
[   24.338970] systemd[1]: Created slice system-serial\x2dgetty.slice.
[[0;32m  OK  [0m] Created slice system-serial\x2dgetty.slice.
[   24.382864] systemd[1]: Started Forward Password Requests to Wall Directory Watch.
[[0;32m  OK  [0m] Started Forward Password Requests to Wall Directory Watch.
[   24.428316] systemd[1]: Mounting POSIX Message Queue File System...
         Mounting POSIX Message Queue File System...
[   24.467269] systemd[1]: Listening on udev Control Socket.
[[0;32m  OK  [0m] Listening on udev Control Socket.
[   24.505720] systemd[1]: Mounting Huge Pages File System...
         Mounting Huge Pages File System...
[   24.541969] systemd[1]: Listening on fsck to fsckd communication Socket.
[[0;32m  OK  [0m] Listening on fsck to fsckd communication Socket.
[   24.586092] systemd[1]: Starting File System Check on Root Device...
         Starting File System Check on Root Device...
[   24.638466] systemd[1]: Starting Create list of required static device nodes for the current kernel...
         Starting Create list of required st... nodes for the current kernel...
[   24.675656] systemd[1]: Starting Load Kernel Modules...
         Starting Load Kernel Modules...
[   24.713911] systemd[1]: Listening on Journal Audit Socket.
[[0;32m  OK  [0m] Listening on Journal Audit Socket.
[   24.749299] Loading iSCSI transport class v2.0-870.
[   24.756102] systemd[1]: Started Trigger resolvconf update for networkd DNS.
[[0;32m  OK  [0m] Started Trigger resolvconf update for networkd DNS.
[   24.800215] systemd[1]: Listening on Journal Socket (/dev/log).
[[0;32m  OK  [0m] Listening on Journal Socket (/dev/log).[   24.837414] iscsi: registered transport (tcp)

[   24.865489] systemd[1]: Starting Journal Service...
         Starting Journal Service...
[   24.897952] systemd[1]: Listening on LVM2 poll daemon socket.
[[0;32m  OK  [0m] Listening on LVM2 poll daemon socket.
[   24.946268] systemd[1]: Mounted Huge Pages File System.
[[0;32m  OK  [0m] Mounted Huge Pages File System.
[   25.010276] systemd[1]: Mounted POSIX Message Queue File System.
[[0;32m  OK  [0m] Mounted POSIX Message Queue File System.
[   25.057810] systemd[1]: Mounted Debug File System.
[[0;32m  OK  [0m] Mounted Debug File System.
[   25.091923] systemd[1]: Started Journal Service.
[[0;32m  OK  [0m] Started Journal Service.
[[0;32m  OK  [0m] Started Set console keymap.
[[0;32m  OK  [0m] Started Uncomplicated firewall.
[[0;32m  OK  [0m] Started File System Check on Root Device.[   25.299408] iscsi: registered transport (iser)

[[0;32m  OK  [0m] Started Create list of required sta...ce nodes for the current kernel.
[[0;32m  OK  [0m] Started Load Kernel Modules.
[[0;32m  OK  [0m] Started Nameserver information manager.
[[0;32m  OK  [0m] Started LVM2 metadata daemon.
[[0;32m  OK  [0m] Started File System Check Daemon to report status.
         Starting Apply Kernel Variables...
         Mounting FUSE Control File System...
         Starting Create Static Device Nodes in /dev...
         Starting Remount Root and Kernel File Systems...
[[0;32m  OK  [0m] Mounted FUSE Control File System.
[[0;32m  OK  [0m] Started Apply Kernel Variables.
[[0;32m  OK  [0m] Started Create Static Device Nodes in /dev.
         Starting udev Kernel Device Manager...
[[0;32m  OK  [0m] Started Monitoring of LVM2 mirrors,...ng dmeventd or progress polling.
[[0;32m  OK  [0m] Started Remount Root and Kernel File Systems.
         Starting Flush Journal to Persistent Storage...
         Starting Load/Save Random Seed...
         Starting udev Coldplug all Devices...
[[0;32m  OK  [0m] Reached target Local File Systems (Pre).
[[0;32m  OK  [0m] Reached target Local File Systems.
         Starting Tell Plymouth To Write Out Runtime Data...
         Starting Initial cloud-init job (pre-networking)...
         Starting Set console font and keymap...
         Starting LSB: AppArmor initialization...
         Starting Commit a transient machine-id on disk...
[[0;32m  OK  [0m] Started udev Kernel Device Manager.
[[0;32m  OK  [0m] Started Load/Save Random Seed.
[[0;32m  OK  [0m] Started Tell Plymouth To Write Out Runtime Data.
[[0;32m  OK  [0m] Started Commit a transient machine-id on disk.
[[0;32m  OK  [0m] Started Flush Journal to Persistent Storage.
         Starting Create Volatile Files and Directories...
[[0;32m  OK  [0m] Started Create Volatile Files and Directories.
         Starting Update UTMP about System Boot/Shutdown...
[[0;32m  OK  [0m] Started Update UTMP about System Boot/Shutdown.
[[0;32m  OK  [0m] Started udev Coldplug all Devices.
[[0;32m  OK  [0m] Started Dispatch Password Requests to Console Directory Watch.
[[0;32m  OK  [0m] Found device /dev/ttyS0.
[[0;32m  OK  [0m] Listening on Load/Save RF Kill Switch Status /dev/rfkill Watch.
[[0;32m  OK  [0m] Started LSB: AppArmor initialization.
         Starting Load AppArmor profiles managed internally by snapd...
[   33.256739] cloud-init[487]: Cloud-init v. 21.1-19-gbad84ad4-0ubuntu1~16.04.2 running 'init-local' at Sun, 06 Apr 2025 08:52:29 +0000. Up 31.72 seconds.
[[0;32m  OK  [0m] Started Load AppArmor profiles managed internally by snapd.
[[0;32m  OK  [0m] Started Initial cloud-init job (pre-networking).
[[0;32m  OK  [0m] Reached target Network (Pre).
         Starting Raise network interfaces...
[[0;32m  OK  [0m] Started Set console font and keymap.
[[0;32m  OK  [0m] Created slice system-getty.slice.
[[0;32m  OK  [0m] Started Raise network interfaces.
         Starting Initial cloud-init job (metadata service crawler)...
[[0;32m  OK  [0m] Reached target Network.
[   37.854084] cloud-init[970]: Cloud-init v. 21.1-19-gbad84ad4-0ubuntu1~16.04.2 running 'init' at Sun, 06 Apr 2025 08:52:33 +0000. Up 36.16 seconds.
[   37.959753] cloud-init[970]: ci-info: ++++++++++++++++++++++++++++++++++++++Net device info+++++++++++++++++++++++++++++++++++++++
[   38.013999] cloud-init[970]: ci-info: +--------+-------+----------------------------+---------------+--------+-------------------+[[0;32m  OK  [0m] Started Initial cloud-init job (metadata service crawler).
[[0;32m  OK  [0m] Reached target System Initialization.

[   38.054231] [[0;32m  OK  [0m] Started ACPI Events Check.
[[0;32m  OK  [0m] Reached target Paths.
[[0;32m  OK  [0m] Started Daily apt download activities.
[[0;32m  OK  [0m] Started Daily Cleanup of Temporary Directories.
[[0;32m  OK  [0m] Started Message of the Day.
[[0;32m  OK  [0m] Listening on UUID daemon activation socket.
         Starting Socket activation for snappy daemon.
[[0;32m  OK  [0m] Listening on ACPID Listen Socket.
[[0;32m  OK  [0m] Started Daily apt upgrade and clean activities.
[[0;32m  OK  [0m] Started Ubuntu Advantage update messaging.
         Starting LXD - unix socket.
[[0;32m  OK  [0m] Listening on D-Bus System Message Bus Socket.
[[0;32m  OK  [0m] Reached target Timers.
[[0;32m  OK  [0m] Reached target Cloud-config availability.
[[0;32m  OK  [0m] Reached target Network is Online.
cloud-init[970]: ci-info: | Device |   Up  |          Address           |      Mask     | Scope  |     Hw-Address    |
[   38.198611] cloud-init[970]:          Starting iSCSI initiator daemon (iscsid)...
[ci-info: +--------+-------+----------------------------+---------------+--------+-------------------+
[0;32m  OK  [0m] Listening on Socket activation for snappy daemon.
[   38.280946] cloud-init[970]: ci-info: | enp0s3 |  True |         10.0.2.15          | 255.255.255.0 | global | 02:be:82:6b:cc:1d |
[[0;32m  OK  [0m] Listening on LXD - unix socket.
[   38.323439] cloud-init[970]: ci-info: | enp0s3 |  True | fe80::be:82ff:fe6b:cc1d/64 |       .       |  link  | 02:be:82:6b:cc:1d |
[   38.369611] [[0;32m  OK  [0m] Reached target Sockets.
[[0;32m  OK  [0m] Reached target Basic System.
[[0;32m  OK  [0m] Started Deferred execution scheduler.
cloud-init[[0;32m  OK  [0m] Started Regular background program processing daemon.
         Starting Accounts Service...
         Starting System Logging Service...
         Starting LSB: MD monitoring daemon...
[970]: [[0;32m  OK  [0m] Started ACPI event daemon.
ci-info: | enp0s8 | False |             .              |       .       |   .    | 08:00:27:74:f1:c0 |
         Starting /etc/rc.local Compatibility...
         Starting Pollinate to seed the pseudo random number generator...
[   38.604641] cloud-init[970]: ci-info: |   lo   |  True |         127.0.0.1          |   255.0.0.0   |  host  |         .         |
         Starting Virtualbox guest utils...
         [   38.677423] cloud-init[970]: ci-info: |   lo   |  True |          ::1/128           |       .       |  host  |         .         |
[   38.706417] cloud-init[970]: ci-info: +--------+-------+----------------------------+---------------+--------+-------------------+
Starting LXD - container startup/shutdown...[   38.706741] cloud-init
[970]: ci-info: +++++++++++++++++++++++++++Route IPv4 info++++++++++++++++++++++++++++
         Starting LSB: Record successful boot for GRUB...
[   38.838476] cloud-init[[0;32m  OK  [0m] Started FUSE filesystem for LXC.
         Starting Login Service...
[[0;32m  OK  [0m] Started D-Bus System Message Bus.
[970]: ci-info: +-------+-------------+----------+---------------+-----------+-------+
[   38.979864] cloud-init[970]: ci-info: | Route | Destination | Gateway  |    Genmask    | Interface | Flags |
[   39.062870] cloud-init[970]: ci-info: +-------+-------------+----------+---------------+-----------+-------+
[   39.106506] cloud-init[970]: ci-info: |   0   |   0.0.0.0   | 10.0.2.2 |    0.0.0.0    |   enp0s3  |   UG  |
[   39.151339] cloud-init[970]: ci-info: |   1   |   10.0.2.0  | 0.0.0.0  | 255.255.255.0 |   enp0s3  |   U   |
[   39.169099] cloud-init[970]: ci-info: +-------+-------------+----------+---------------+-----------+-------+
[   39.185046] cloud-init[970]: ci-info: +++++++++++++++++++Route IPv6 info+++++++++++++++++++
[   39.197849] cloud-init[970]: ci-info: +-------+-------------+---------+-----------+-------+
[   39.255935] cloud-init         Starting Snap Daemon...
[970]: ci-info: | Route | Destination | Gateway | Interface | Flags |
[[0;32m  OK  [0m] Started System Logging Service.
[[0;32m  OK  [0m] Started iSCSI initiator daemon (iscsid).
[[0;32m  OK  [0m] Started /etc/rc.local Compatibility.
[   39.379909] cloud-init[[0;32m  OK  [0m] Started Login Service.
[970]: [[0;32m  OK  [0m] Started Unattended Upgrades Shutdown.
         Starting Authenticate and Authorize Users to Run Privileged Tasks...
         Starting Login to default iSCSI targets...
ci-info: +-------+-------------+---------+-----------+-------+[[0;32m  OK  [0m] Started LSB: Record successful boot for GRUB.

[[   39.811033] cloud-init[970]: ci-info: |   0   |  fd00::/64  |    ::   |   enp0s3  |   Ue  |
[   40.041045] cloud-init[970]: ci-info: |   1   |  fe80::/64  |    ::   |   enp0s3  |   U   |
[   40.049167] cloud-init[970]: ci-info: |   2   |     ::/0    | fe80::2 |   enp0s3  |  UGe  |
[   40.071712] cloud-init[970]: ci-info: |   6   |   ff00::/8  |    ::   |   enp0s3  |   U   |
[   40.082341] cloud-init[970]: ci-info: +-------+-------------+---------+-----------+-------+
[   40.082452] cloud-init[970]: Generating public/private rsa key pair.
[   40.102514] cloud-init[970]: Your identification has been saved in /etc/ssh/ssh_host_rsa_key.
[   40.115970] cloud-init[970]: Your public key has been saved in /etc/ssh/ssh_host_rsa_key.pub.
[   40.179142] cloud-init[970]: The key fingerprint is:
[0;32m  OK  [0m] [   40.225021] cloud-init[970]: SHA256:bydRaTwb3ozbuN2kxsyLgr9NpZ/WRtNn7eOJ2M6v9OQ root@ubuntu-xenial
[   40.284328] cloud-init[970]: The key's randomart image is:
[   40.284376] cloud-init[970]: +---[RSA 2048]----+
[   40.284469] cloud-init[970]: |                 |
[   40.284528] cloud-init[970]: |           . .   |
[   40.284565] cloud-init[970]: |            B    |
[   40.284608] cloud-init[970]: |           + B   |
[   40.328420] cloud-init[970]: |        S . + + o|
[   40.335150] cloud-init[970]: |         . . * .*|
[   40.380608] cloud-init[970]: |         .+ *=.*+|
[   40.381328] Started Authenticate and Authorize Users to Run Privileged Tasks.
[[0;32m  OK  [0m] cloud-init[970]: |        ...===@*=|
[   40.464728] cloud-init[970]: |         .o+=OXEo|
[   40.464834] cloud-init[970]: +----[SHA256]-----+
[   40.464910] cloud-init[970]: Generating public/private dsa key pair.
[   40.464985] cloud-init[970]: Your identification has been saved in /etc/ssh/ssh_host_dsa_key.
[   40.465056] cloud-init[970]: Your public key has been saved in /etc/ssh/ssh_host_dsa_key.pub.
[   40.529615] cloud-init[970]: The key fingerprint is:
[   40.536459] cloud-init[970]: SHA256:L8ITu8ioUXwNZsBJJ83iBQS1Qab2YVFQrfI73gDda1o root@ubuntu-xenial
[   40.538756] cloud-init[970]: The key's randomart image is:
[   40.566056] cloud-init[970]: +---[DSA 1024]----+
[   40.577167] cloud-init[970]: |.B@B=o.          |
[   40.580847] cloud-init[970]: | o+*=  .         |
[   40.581568] cloud-init[970]: |.o.=+ .          |
[   40.626247] cloud-init[970]: |..++o+.          |
[   40.633221] cloud-init[970]: |  oo+.o.S        |
[   40.656815] cloud-init[970]: | . ..o o..       |
[   40.660749] cloud-init[970]: |.    .*E. .      |
[   40.661240] cloud-init[970]: | . o +*+ .       |
[   40.686510] cloud-init[970]: |... +oo.         |
[   40.696715] cloud-init[970]: +----[SHA256]-----+
[   40.713672] Started LSB: MD monitoring daemon.
[[0;32m  OK  [0m] Started LXD - container startup/shutdown.
cloud-init[970]: Generating public/private ecdsa key pair.
[   40.839797] cloud-init[970]: Your identification has been saved in /etc/ssh/ssh_host_ecdsa_key.
[[0;32m  OK  [0m] Started Accounts Service.
[   40.899107] cloud-init[970]: Your public key has been saved in /etc/ssh/ssh_host_ecdsa_key.pub.
[[0;32m  OK  [0m] [   40.974281] cloud-init[970]: The key fingerprint is:
[   41.000261] cloud-init[970]: SHA256:BqP4luO/cwimg0fnP87q04JSh/fu/i925yRSvnBbiFk root@ubuntu-xenial
[   41.028492] cloud-init[970]: The key's randomart image is:
[   41.030505] cloud-init[970]: +---[ECDSA 256]---+
[   41.034913] cloud-init[970]: |                 |
[   41.046307] cloud-init[970]: |                 |
[   41.048768] cloud-init[970]: |      o          |
[   41.049074] cloud-init[970]: |   . . o         |
[   41.052738] cloud-init[970]: |  ...   S E      |
[   41.053086] cloud-init[970]: |  +.*. . * .     |
[   41.080299] cloud-init[970]: | + O=+ .= = o    |
[   41.081151] cloud-init[970]: |o =o+o* ++.*.    |
[   41.092843] cloud-init[970]: | o o+@XB.++o.    |
[   41.098123] cloud-init[970]: +----[SHA256]-----+
[   41.111325] cloud-init[970]: Generating public/private ed25519 key pair.
[   41.116747] cloud-init[970]: Your identification has been saved in /etc/ssh/ssh_host_ed25519_key.
[   41.125116] cloud-init[970]: Your public key has been saved in /etc/ssh/ssh_host_ed25519_key.pub.
[   41.125228] cloud-init[970]: The key fingerprint is:
[   41.133803] cloud-init[970]: SHA256:sZeYnGDxlBZfaR0R09f5i479W5u+1lDOUrsvN11prPs root@ubuntu-xenial
[   41.134134] cloud-init[970]: The key's randomart image is:
[   41.144438] cloud-init[970]: +--[ED25519 256]--+
[   41.145288] cloud-init[970]: |      . oo  .o==o|
[   41.151693] cloud-init[970]: |       +o. .o .o+|
[   41.154351] cloud-init[970]: |      o.o ..    o|
[   41.198811] cloud-init[970]: |     . o * .    +|
[   41.199725] cloud-init[970]: |        S o   o=+|
[   41.202963] cloud-initStarted Login to default iSCSI targets.
[[0;32m  OK  [0m] Reached target Remote File Systems (Pre).
[[0;32m  OK  [0m[970]: |         .   .o*+|
[   41.323084] cloud-init[970]: |            + oo*|
[   41.329912] cloud-init[970]: |           . +.+B|
[   41.339927] cloud-init[970]: |             .*E*|
[   41.344808] ] Reached target Remote File Systems.
cloud-init[970]: +----[SHA256]-----+
         Starting LSB: Set the CPU Frequency Scaling governor to "ondemand"...
         Starting LSB: automatic crash report generation...
         Starting Permit User Sessions...
         Starting LSB: daemon to balance interrupts for SMP systems...
[[0;32m  OK  [0m] Started Virtualbox guest utils.
[[0;32m  OK  [0m] Started Permit User Sessions.
         Starting Terminate Plymouth Boot Screen...
         Starting Hold until boot process finishes up...
[[0;32m  OK  [0m] Started Terminate Plymouth Boot Screen.
[[0;32m  OK  [0m] Started Hold until boot process finishes up.
[[0;32m  OK  [0m] Started Serial Getty on ttyS0.
[[0;32m  OK  [0m] Started Getty on tty1.
[[0;32m  OK  [0m] Reached target Login Prompts.
         Starting Set console scheme...
[[0;32m  OK  [0m] Started LSB: Set the CPU Frequency Scaling governor to "ondemand".
[[0;32m  OK  [0m] Started LSB: automatic crash report generation.
[[0;32m  OK  [0m] Started LSB: daemon to balance interrupts for SMP systems.
[[0;32m  OK  [0m] Started Set console scheme.
[[0;32m  OK  [0m] Started Snap Daemon.
         Starting Wait until snapd is fully seeded...
[[0;32m  OK  [0m] Started Pollinate to seed the pseudo random number generator.
         Starting OpenBSD Secure Shell server...
[[0;32m  OK  [0m] Started OpenBSD Secure Shell server.
[[0;32m  OK  [0m] Created slice User Slice of vagrant.
[[0;32m  OK  [0m] Started Session 1 of user vagrant.
         Starting User Manager for UID 1000...
[[0;32m  OK  [0m] Started User Manager for UID 1000.

Ubuntu 16.04.7 LTS ubuntu-xenial ttyS0

ubuntu-xenial login: [   50.786868] cloud-init[1498]: Generating locales (this might take a while)...
[   53.606475] cloud-init[1498]:   en_US.UTF-8... done
[   53.619274] cloud-init[1498]: Generation complete.
[   54.577156] cloud-init[1498]: Cloud-init v. 21.1-19-gbad84ad4-0ubuntu1~16.04.2 running 'modules:config' at Sun, 06 Apr 2025 08:52:47 +0000. Up 50.43 seconds.
ci-info: no authorized SSH keys fingerprints found for user ubuntu.
<14>Apr  6 08:52:53 ec2: 
<14>Apr  6 08:52:53 ec2: #############################################################
<14>Apr  6 08:52:53 ec2: -----BEGIN SSH HOST KEY FINGERPRINTS-----
<14>Apr  6 08:52:53 ec2: 1024 SHA256:L8ITu8ioUXwNZsBJJ83iBQS1Qab2YVFQrfI73gDda1o root@ubuntu-xenial (DSA)
<14>Apr  6 08:52:53 ec2: 256 SHA256:BqP4luO/cwimg0fnP87q04JSh/fu/i925yRSvnBbiFk root@ubuntu-xenial (ECDSA)
<14>Apr  6 08:52:53 ec2: 256 SHA256:sZeYnGDxlBZfaR0R09f5i479W5u+1lDOUrsvN11prPs root@ubuntu-xenial (ED25519)
<14>Apr  6 08:52:53 ec2: 2048 SHA256:bydRaTwb3ozbuN2kxsyLgr9NpZ/WRtNn7eOJ2M6v9OQ root@ubuntu-xenial (RSA)
<14>Apr  6 08:52:53 ec2: -----END SSH HOST KEY FINGERPRINTS-----
<14>Apr  6 08:52:53 ec2: #############################################################
-----BEGIN SSH HOST KEY KEYS-----
ecdsa-sha2-nistp256 AAAAE2VjZHNhLXNoYTItbmlzdHAyNTYAAAAIbmlzdHAyNTYAAABBBB+QBfskpq6G1Cgci1FYgshEJQH/N3t5mTus6JArAR+6T6UCZ4OxOlK13mNlknmRtH8vYWTjOtjg4Y0OdnTGWXg= root@ubuntu-xenial
ssh-ed25519 AAAAC3NzaC1lZDI1NTE5AAAAIIPAMSunxtHKtIlc0W91TzoSg6MhM9M55ZRHk2QC7KFY root@ubuntu-xenial
ssh-rsa AAAAB3NzaC1yc2EAAAADAQABAAABAQCgK41+2xYHEoGHDh2HXPqDpRNyEH++BoYEhgn5lfPFlU0EILSIQ9klkJSV0R4CkrlajGKfOdrqTXW2Bd36rMc0A4tTBuq7FLNEaoUyywGrhrdn945DUreoYohTd4bDh7RsEr0tl1ksRPtiW6ykNhMuT94+pCSV2Baro1bvwWjs77YlQHD64Q9bjN1VxeSvf+JbFdOHC3Yclqk2AJOebJxYgcZh/Ud9M1FBefsNa7qOX2PXXuDounG+uVmApXyf0mkvNF0RzkAQdlUwFY6FVkLEUPvBrnCxc1cBRJ1Loz/7U16Co3R9s4aTNQ9j8F/NCoqxjMHr+YLVIY+YFYvld4Gj root@ubuntu-xenial
-----END SSH HOST KEY KEYS-----
[   56.628658] cloud-init[1732]: Cloud-init v. 21.1-19-gbad84ad4-0ubuntu1~16.04.2 running 'modules:final' at Sun, 06 Apr 2025 08:52:53 +0000. Up 55.98 seconds.
[   56.666267] cloud-init[1732]: ci-info: no authorized SSH keys fingerprints found for user ubuntu.
[   56.706325] cloud-init[1732]: Cloud-init v. 21.1-19-gbad84ad4-0ubuntu1~16.04.2 finished at Sun, 06 Apr 2025 08:52:53 +0000. Datasource DataSourceNoCloud [seed=/dev/sdb][dsmode=net].  Up 56.50 seconds
